../Core/Src/main.c:112:6:HAL_I2S_RxHalfCpltCallback	16	static
../Core/Src/main.c:147:6:HAL_I2S_RxCpltCallback	16	static
../Core/Src/main.c:178:7:get_sensor_reading	8	static
../Core/Src/main.c:198:6:HAL_UART_RxCpltCallback	16	static
../Core/Src/main.c:231:6:HAL_TIM_PeriodElapsedCallback	16	static
../Core/Src/main.c:251:6:HAL_ADC_ConvCpltCallback	24	static
../Core/Src/main.c:361:5:main	8	static
../Core/Src/main.c:473:6:SystemClock_Config	88	static
../Core/Src/main.c:519:6:PeriphCommonClock_Config	32	static
../Core/Src/main.c:543:6:Error_Handler	4	static,ignoring_inline_asm
