../Core/Src/main.c:110:6:HAL_I2S_RxHalfCpltCallback	16	static
../Core/Src/main.c:145:6:HAL_I2S_RxCpltCallback	16	static
../Core/Src/main.c:176:7:get_sensor_reading	8	static
../Core/Src/main.c:196:6:HAL_UART_RxCpltCallback	16	static
../Core/Src/main.c:231:6:HAL_TIM_PeriodElapsedCallback	16	static
../Core/Src/main.c:311:5:main	2544	static
../Core/Src/main.c:469:6:SystemClock_Config	88	static
../Core/Src/main.c:515:6:PeriphCommonClock_Config	32	static
../Core/Src/main.c:539:6:Error_Handler	4	static,ignoring_inline_asm
