../Drivers/CMSIS/Include/core_cm4.h:2064:26:ITM_SendChar	16	static,ignoring_inline_asm
../Core/Src/Syscall.c:51:6:initialise_monitor_handles	4	static
../Core/Src/Syscall.c:55:5:_getpid	4	static
../Core/Src/Syscall.c:61:5:_gettimeofday	16	static
../Core/Src/Syscall.c:67:5:_kill	16	static
../Core/Src/Syscall.c:73:6:_exit	16	static
../Core/Src/Syscall.c:78:5:_write	32	static
../Core/Src/Syscall.c:104:5:_close	16	static
../Core/Src/Syscall.c:111:5:_fstat	16	static
../Core/Src/Syscall.c:117:5:_isatty	16	static
../Core/Src/Syscall.c:123:5:_lseek	24	static
../Core/Src/Syscall.c:129:5:_read	24	static
../Core/Src/Syscall.c:135:5:_readlink	24	static
../Core/Src/Syscall.c:141:5:_open	24	static
../Core/Src/Syscall.c:147:5:_wait	16	static
../Core/Src/Syscall.c:153:5:_unlink	16	static
../Core/Src/Syscall.c:159:5:_times	16	static
../Core/Src/Syscall.c:165:5:_stat	16	static
../Core/Src/Syscall.c:171:5:_symlink	16	static
../Core/Src/Syscall.c:177:5:_link	16	static
../Core/Src/Syscall.c:183:5:_fork	4	static
../Core/Src/Syscall.c:189:5:_execve	24	static
