../Core/Src/tim.c:34:6:MX_TIM1_Init	96	static
../Core/Src/tim.c:104:6:MX_TIM2_Init	32	static
../Core/Src/tim.c:144:6:MX_TIM3_Init	56	static
../Core/Src/tim.c:188:6:MX_TIM4_Init	56	static
../Core/Src/tim.c:232:6:MX_TIM10_Init	8	static
../Core/Src/tim.c:258:6:HAL_TIM_Base_MspInit	32	static
../Core/Src/tim.c:308:6:HAL_TIM_Encoder_MspInit	56	static
../Core/Src/tim.c:361:6:HAL_TIM_MspPostInit	40	static
../Core/Src/tim.c:389:6:HAL_TIM_Base_MspDeInit	16	static
../Core/Src/tim.c:450:6:HAL_TIM_Encoder_MspDeInit	16	static
